// Jest Snapshot v1, https://goo.gl/fbAQLP

exports[`Test Feedback component 1`] = `
<div>
  <h1>
    Feedback
  </h1>
</div>
`;
